// Jest Snapshot v1, https://goo.gl/fbAQLP

exports[`Pruebas en <GifGridItem/> debe mostrar el componente correctamente  1`] = `
<div
  className="card animate__animated animate__backInDown"
>
  <img
    alt="Algo"
    src="https://localhost/imagen.png"
  />
  <p>
    Algo
  </p>
</div>
`;
